.\dist
.\LocalAssets
.\RemoteAssetsCache
.\Create-WinPeVhd.ps1
.\filelist.txt
.\LICENSE
.\PepsiUtilities.ps1
.\README.md
.\startnet_append.cmd
.\Unattend-PE.xml
.\winpe.jpg
.git\hooks
.git\info
.git\logs
.git\objects
.git\refs
.git\config
.git\description
.git\HEAD
.git\index
.git\packed-refs
.git\hooks\applypatch-msg.sample
.git\hooks\commit-msg.sample
.git\hooks\post-update.sample
.git\hooks\pre-applypatch.sample
.git\hooks\pre-commit.sample
.git\hooks\pre-push.sample
.git\hooks\pre-rebase.sample
.git\hooks\pre-receive.sample
.git\hooks\prepare-commit-msg.sample
.git\hooks\update.sample
.git\info\exclude
.git\logs\refs
.git\logs\HEAD
.git\logs\refs\heads
.git\logs\refs\remotes
.git\logs\refs\heads\master
.git\logs\refs\remotes\origin
.git\logs\refs\remotes\origin\HEAD
.git\objects\36
.git\objects\3a
.git\objects\45
.git\objects\79
.git\objects\b9
.git\objects\c5
.git\objects\d4
.git\objects\info
.git\objects\pack
.git\objects\36\a6c7f1bf38e0ab2784fdf133fca2ae61553334
.git\objects\3a\e056cf913e2f21a3f6c8d8844434d74dff8fec
.git\objects\45\f76769fcb5171bc23d5efc213a9078abbad15b
.git\objects\79\64c79097084b03c3c57907855c8d25739eaee1
.git\objects\b9\4c16c7b0172599639304325069f108b36a36da
.git\objects\c5\d68b70713959efbfc4bb85505c9a87139dc27f
.git\objects\d4\c8d73e3af442130f2dc0ffe9514cfa64be1bc8
.git\refs\heads
.git\refs\remotes
.git\refs\tags
.git\refs\heads\master
.git\refs\remotes\origin
.git\refs\remotes\origin\HEAD
.\dist\boot-microsoft-only-170605-1817-success.wim
.\dist\WinPEpsi-170605-1928-success.vhdx
.\LocalAssets\Registry.Workshop
.\LocalAssets\Viewer
.\LocalAssets\KMSAuto_Net_2016_v1.5.0_Portable.zip
.\LocalAssets\Registry.Workshop\CrashRpt.dll
.\LocalAssets\Registry.Workshop\favorites.dat
.\LocalAssets\Registry.Workshop\license.txt
.\LocalAssets\Registry.Workshop\RegWorkshop.bat
.\LocalAssets\Registry.Workshop\RegWorkshop.chm
.\LocalAssets\Registry.Workshop\RegWorkshop.exe
.\LocalAssets\Registry.Workshop\RegWorkshop.ini
.\LocalAssets\Registry.Workshop\RegWorkshopX64.exe
.\LocalAssets\Registry.Workshop\rwreg.txt
.\LocalAssets\Registry.Workshop\rwresrus.dll
.\LocalAssets\Registry.Workshop\undo.dat
.\LocalAssets\Registry.Workshop\undo.idx
.\LocalAssets\Viewer\3rdParty
.\LocalAssets\Viewer\Conv
.\LocalAssets\Viewer\Help
.\LocalAssets\Viewer\Icons
.\LocalAssets\Viewer\Language
.\LocalAssets\Viewer\LibAV
.\LocalAssets\Viewer\Plugins
.\LocalAssets\Viewer\amnani.dll
.\LocalAssets\Viewer\ijl15.dll
.\LocalAssets\Viewer\Key.txt
.\LocalAssets\Viewer\Nav.exe
.\LocalAssets\Viewer\Portable.ini
.\LocalAssets\Viewer\unrar.dll
.\LocalAssets\Viewer\unzip32.dll
.\LocalAssets\Viewer\VExif.dll
.\LocalAssets\Viewer\Viewer.exe
.\LocalAssets\Viewer\Viewer.ini
.\LocalAssets\Viewer\Viewer.ini.bak
.\LocalAssets\Viewer\ViewerHistory.ini
.\LocalAssets\Viewer\VTiff.dll
.\LocalAssets\Viewer\3rdParty\License_FFMpeg.txt
.\LocalAssets\Viewer\3rdParty\License_LAME.txt
.\LocalAssets\Viewer\3rdParty\License_LibGSM.txt
.\LocalAssets\Viewer\3rdParty\License_LibOGG.txt
.\LocalAssets\Viewer\3rdParty\License_LibOpencoreAMR.txt
.\LocalAssets\Viewer\3rdParty\License_LibSDL.txt
.\LocalAssets\Viewer\3rdParty\License_LibTheora.txt
.\LocalAssets\Viewer\3rdParty\License_LibVorbis.txt
.\LocalAssets\Viewer\3rdParty\License_LibVPX.txt
.\LocalAssets\Viewer\3rdParty\License_SumatraPDF.txt
.\LocalAssets\Viewer\Conv\doc
.\LocalAssets\Viewer\Conv\dcraw.exe
.\LocalAssets\Viewer\Conv\xdoc2txt.exe
.\LocalAssets\Viewer\Conv\xdoc2txt.txt
.\LocalAssets\Viewer\Conv\zlib.dll
.\LocalAssets\Viewer\Conv\doc\doc.exe
.\LocalAssets\Viewer\Conv\doc\DRS32.DLL
.\LocalAssets\Viewer\Conv\doc\TER18.DLL
.\LocalAssets\Viewer\Conv\doc\txml2.dll
.\LocalAssets\Viewer\Conv\doc\WRS2.DLL
.\LocalAssets\Viewer\Help\History.html
.\LocalAssets\Viewer\Help\Viewer.Russian.chm
.\LocalAssets\Viewer\Icons\Clo 24x24.bmp
.\LocalAssets\Viewer\Icons\Clo_29x29.bmp
.\LocalAssets\Viewer\Icons\Clo_29x35.bmp
.\LocalAssets\Viewer\Icons\Clo_32x32.bmp
.\LocalAssets\Viewer\Icons\Clo_Landscape_31x25.bmp
.\LocalAssets\Viewer\Icons\Tango 22x22.bmp
.\LocalAssets\Viewer\Icons\Thumbs.db
.\LocalAssets\Viewer\Icons\X-Qute 32x32.bmp
.\LocalAssets\Viewer\Language\English.lng
.\LocalAssets\Viewer\Language\Russian.lng
.\LocalAssets\Viewer\LibAV\avcodec-53.dll
.\LocalAssets\Viewer\LibAV\avdevice-53.dll
.\LocalAssets\Viewer\LibAV\avfilter-2.dll
.\LocalAssets\Viewer\LibAV\avformat-53.dll
.\LocalAssets\Viewer\LibAV\avutil-51.dll
.\LocalAssets\Viewer\LibAV\SDL.dll
.\LocalAssets\Viewer\LibAV\swresample-0.dll
.\LocalAssets\Viewer\LibAV\swscale-2.dll
.\RemoteAssetsCache\doublecmd-0.7.8.x86_64-win64.zip
.\RemoteAssetsCache\OEM_Info_Updater_8.0.zip
.\RemoteAssetsCache\RapidEEx64.zip
